// Jest Snapshot v1, https://goo.gl/fbAQLP

exports[`CardContent - should render 1`] = `
<ForwardRef(CardContent)>
  <Typography>
    I'm typography
  </Typography>
  <CardMedia
    alt="Car Content"
    component="img"
    height="194"
    image="https://avatars.githubusercontent.com/u/61642798?s=200&v=4"
  />
</ForwardRef(CardContent)>
`;
