// Jest Snapshot v1, https://goo.gl/fbAQLP

exports[`SVgIcon - should render 1`] = `<ForwardRef(SvgIcon) />`;
