// Jest Snapshot v1, https://goo.gl/fbAQLP

exports[`Badge - should render 1`] = `
<ForwardRef(Badge)
  badgeContent={4}
>
  <Memo(ForwardRef(MailIcon))
    color="action"
  />
</ForwardRef(Badge)>
`;
