// Jest Snapshot v1, https://goo.gl/fbAQLP

exports[`Fade - should render 1`] = `
<ForwardRef(Fade)>
  <div>
    <Typography>
      I'm typography
    </Typography>
  </div>
</ForwardRef(Fade)>
`;
