// Jest Snapshot v1, https://goo.gl/fbAQLP

exports[`Popover - should render 1`] = `
<ForwardRef(Popover)
  open={true}
>
  <Typography>
    I'm typography
  </Typography>
</ForwardRef(Popover)>
`;
