// Jest Snapshot v1, https://goo.gl/fbAQLP

exports[`InputLabel - should render 1`] = `<ForwardRef(InputLabel) />`;
