// Jest Snapshot v1, https://goo.gl/fbAQLP

exports[`ListItemText - should render 1`] = `<ForwardRef(ListItemText) />`;
