// Jest Snapshot v1, https://goo.gl/fbAQLP

exports[`Container - should render 1`] = `
<ForwardRef(Container)>
  <Typography>
    I'm typography
  </Typography>
</ForwardRef(Container)>
`;
