// Jest Snapshot v1, https://goo.gl/fbAQLP

exports[`FormControl - should render 1`] = `<ForwardRef(FormControl) />`;
