// Jest Snapshot v1, https://goo.gl/fbAQLP

exports[`Accordian - should render 1`] = `
<ForwardRef(Accordion)
  open={false}
>
  <AccordionSummary
    key="1"
  >
    <div>
      hello, I'm an Accordian Summary
    </div>
  </AccordionSummary>
  <AccordionDetails
    key="2"
  >
    <div>
      Hello, I'm an Accordian Details!
    </div>
  </AccordionDetails>
</ForwardRef(Accordion)>
`;
