// Jest Snapshot v1, https://goo.gl/fbAQLP

exports[`Button - should render 1`] = `
<ForwardRef(Button)
  style={
    {
      "border": "2px solid blue",
    }
  }
>
  I'm a button
</ForwardRef(Button)>
`;
