// Jest Snapshot v1, https://goo.gl/fbAQLP

exports[`Divider - should render 1`] = `<ForwardRef(Divider) />`;
