// Jest Snapshot v1, https://goo.gl/fbAQLP

exports[`Typography - should render 1`] = `
<ForwardRef(Typography)>
  I'm typography
</ForwardRef(Typography)>
`;
