// Jest Snapshot v1, https://goo.gl/fbAQLP

exports[`InputAdorment - should render 1`] = `<ForwardRef(InputAdornment) />`;
