// Jest Snapshot v1, https://goo.gl/fbAQLP

exports[`IconButton - should render 1`] = `
<ForwardRef(IconButton)
  className="undefined  "
  style={
    {
      "border": "2px solid red",
    }
  }
  sx={
    {
      "background": "auto",
      "height": "auto",
      "width": "auto",
    }
  }
>
  <Memo(ForwardRef(CloseIcon)) />
</ForwardRef(IconButton)>
`;
