// Jest Snapshot v1, https://goo.gl/fbAQLP

exports[`ToggleButton - should render 1`] = `
<ForwardRef(ToggleButton)
  value={true}
/>
`;
