// Jest Snapshot v1, https://goo.gl/fbAQLP

exports[`Chip - should render 1`] = `
<ForwardRef(Chip)
  label="I'm a Chip"
/>
`;
