// Jest Snapshot v1, https://goo.gl/fbAQLP

exports[`TextField - should render 1`] = `<ForwardRef(TextField) />`;
