// Jest Snapshot v1, https://goo.gl/fbAQLP

exports[`Tabs - should render 1`] = `<ForwardRef(Tabs) />`;
