// Jest Snapshot v1, https://goo.gl/fbAQLP

exports[`DialogContentText - should render 1`] = `
<ForwardRef(DialogContentText)>
  I am DialogContentText
</ForwardRef(DialogContentText)>
`;
