// Jest Snapshot v1, https://goo.gl/fbAQLP

exports[`CardActionArea - should render 1`] = `
<ForwardRef(CardActionArea)
  defaultChecked={true}
  inputProps={
    {
      "aria-label": "CardActionArea demo",
    }
  }
/>
`;
