// Jest Snapshot v1, https://goo.gl/fbAQLP

exports[`Drawer - should render 1`] = `<ForwardRef(Drawer) />`;
