// Jest Snapshot v1, https://goo.gl/fbAQLP

exports[`ListItemAvatar - should render 1`] = `<ForwardRef(ListItemAvatar) />`;
