// Jest Snapshot v1, https://goo.gl/fbAQLP

exports[`DialogContent - should render 1`] = `
<ForwardRef(DialogContent)>
  <DialogContentText>
    I am DialogContentText
  </DialogContentText>
  <TextField />
</ForwardRef(DialogContent)>
`;
