// Jest Snapshot v1, https://goo.gl/fbAQLP

exports[`CardMedia - should render 1`] = `
<ForwardRef(CardMedia)
  alt="Car Content"
  component="img"
  height="194"
  image="https://avatars.githubusercontent.com/u/61642798?s=200&v=4"
/>
`;
