// Jest Snapshot v1, https://goo.gl/fbAQLP

exports[`FormHelperText - should render 1`] = `<ForwardRef(FormHelperText) />`;
