// Jest Snapshot v1, https://goo.gl/fbAQLP

exports[`CircularProgress - should render 1`] = `<ForwardRef(CircularProgress) />`;
