// Jest Snapshot v1, https://goo.gl/fbAQLP

exports[`TableContainer - should render 1`] = `<ForwardRef(TableContainer) />`;
