// Jest Snapshot v1, https://goo.gl/fbAQLP

exports[`Slider - should render 1`] = `<ForwardRef(Slider) />`;
