// Jest Snapshot v1, https://goo.gl/fbAQLP

exports[`OutlinedInput - should render 1`] = `<ForwardRef(OutlinedInput) />`;
